<?xml version="1.0"?>
<testsuites>
  <testsuite name="PhantomJS 2.0.0 (Mac OS X)" package="" timestamp="2015-09-15T08:14:15" id="0" hostname="priviledged-003-049.intranet.truste-labs.com" tests="1" errors="0" failures="0" time="0.059">
    <properties>
      <property name="browser.fullName" value="Mozilla/5.0 (Macintosh; Intel Mac OS X) AppleWebKit/538.1 (KHTML, like Gecko) PhantomJS/2.0.0 (development) Safari/538.1"/>
    </properties>
    <testcase name="should fetch list of users" time="0.059" classname="PhantomJS 2.0.0 (Mac OS X).accountListCtrl"/>
    <system-out><![CDATA[
]]></system-out>
    <system-err/>
  </testsuite>
</testsuites>
